// Vitest Snapshot v1, https://vitest.dev/guide/snapshot.html

exports[`resolveTheme > resolves Nothing dark to its structural identity 1`] = `
[
  [
    "--background",
    "#0a0a0a",
  ],
  [
    "--foreground",
    "#ededeb",
  ],
  [
    "--card",
    "#141414",
  ],
  [
    "--card-foreground",
    "#ededeb",
  ],
  [
    "--popover",
    "#1a1a1a",
  ],
  [
    "--popover-foreground",
    "#ededeb",
  ],
  [
    "--primary",
    "#d63b2e",
  ],
  [
    "--primary-foreground",
    "#ffffff",
  ],
  [
    "--secondary",
    "#1a1a1a",
  ],
  [
    "--secondary-foreground",
    "#ededeb",
  ],
  [
    "--muted",
    "#141414",
  ],
  [
    "--muted-foreground",
    "#9a9a96",
  ],
  [
    "--accent",
    "#1f1f1f",
  ],
  [
    "--accent-foreground",
    "#ededeb",
  ],
  [
    "--destructive",
    "#d63b2e",
  ],
  [
    "--border",
    "#5a5a56",
  ],
  [
    "--input",
    "#5a5a56",
  ],
  [
    "--ring",
    "#d63b2e",
  ],
  [
    "--radius",
    "2px",
  ],
  [
    "--border-style",
    "solid",
  ],
  [
    "--frame-border-width",
    "2px",
  ],
  [
    "--frame-radius",
    "2px",
  ],
  [
    "--frame-padding",
    "0px",
  ],
  [
    "--chrome-border-width",
    "2px",
  ],
  [
    "--panel-border-width",
    "2px",
  ],
  [
    "--slot-border-width",
    "1px",
  ],
  [
    "--bevel-width",
    "0px",
  ],
  [
    "--bevel-outer",
    "transparent",
  ],
  [
    "--bevel-mid",
    "transparent",
  ],
  [
    "--bevel-inner",
    "transparent",
  ],
  [
    "--ui-spacing",
    "0.25rem",
  ],
  [
    "--radius-pill",
    "2px",
  ],
  [
    "--fx-shadow-color",
    "transparent",
  ],
  [
    "--fx-blur-factor",
    "0",
  ],
  [
    "--motion-scale",
    "0.72",
  ],
  [
    "--motion-ease",
    "linear",
  ],
  [
    "--chrome-tracking",
    "0.08em",
  ],
  [
    "--chrome-transform",
    "uppercase",
  ],
  [
    "--terminal-background",
    "#0a0a0a",
  ],
  [
    "--terminal-foreground",
    "#ededeb",
  ],
  [
    "--terminal-cursor",
    "#d63b2e",
  ],
  [
    "--terminal-cursor-accent",
    "#ffffff",
  ],
  [
    "--terminal-selection",
    "rgba(214, 59, 46, 0.30)",
  ],
  [
    "--terminal-ansi-black",
    "#1e1e1e",
  ],
  [
    "--terminal-ansi-red",
    "#e5342a",
  ],
  [
    "--terminal-ansi-green",
    "#b6b6b3",
  ],
  [
    "--terminal-ansi-yellow",
    "#d2cfc7",
  ],
  [
    "--terminal-ansi-blue",
    "#909aa2",
  ],
  [
    "--terminal-ansi-magenta",
    "#c0b7bc",
  ],
  [
    "--terminal-ansi-cyan",
    "#a8afaf",
  ],
  [
    "--terminal-ansi-white",
    "#e8e8e6",
  ],
  [
    "--terminal-ansi-bright-black",
    "#7a7a76",
  ],
  [
    "--terminal-ansi-bright-red",
    "#ff5347",
  ],
  [
    "--terminal-ansi-bright-green",
    "#cfcfcc",
  ],
  [
    "--terminal-ansi-bright-yellow",
    "#e9e6dc",
  ],
  [
    "--terminal-ansi-bright-blue",
    "#a9afb9",
  ],
  [
    "--terminal-ansi-bright-magenta",
    "#d8ced3",
  ],
  [
    "--terminal-ansi-bright-cyan",
    "#bfc7c7",
  ],
  [
    "--terminal-ansi-bright-white",
    "#ffffff",
  ],
  [
    "--syntax-comment",
    "#6e6e6a",
  ],
  [
    "--syntax-keyword",
    "#ff4b3e",
  ],
  [
    "--syntax-string",
    "#5fd48a",
  ],
  [
    "--syntax-number",
    "#ffb454",
  ],
  [
    "--syntax-constant",
    "#ff8f6b",
  ],
  [
    "--syntax-func",
    "#45cbe6",
  ],
  [
    "--syntax-variable",
    "#ededeb",
  ],
  [
    "--syntax-property",
    "#cfcfcb",
  ],
  [
    "--syntax-gutter-fg",
    "#63635e",
  ],
  [
    "--syntax-type",
    "#8fd8e0",
  ],
  [
    "--syntax-operator",
    "#9a9a96",
  ],
  [
    "--syntax-tag",
    "#ff4b3e",
  ],
  [
    "--syntax-tag-bracket",
    "#6e6e6a",
  ],
  [
    "--syntax-attr",
    "#ffb454",
  ],
  [
    "--syntax-attr-value",
    "#5fd48a",
  ],
  [
    "--syntax-heading",
    "#ff4b3e",
  ],
  [
    "--syntax-link",
    "#62d0e8",
  ],
  [
    "--syntax-invalid",
    "#ff5f56",
  ],
  [
    "--status-added",
    "#5fd48a",
  ],
  [
    "--status-modified",
    "#ffb454",
  ],
  [
    "--status-deleted",
    "#ff4b3e",
  ],
  [
    "--status-renamed",
    "#45cbe6",
  ],
  [
    "--status-warning",
    "#ffcc4d",
  ],
  [
    "--status-conflict",
    "#ff8f6b",
  ],
  [
    "--status-ok",
    "#5fd48a",
  ],
  [
    "--emph-faint",
    "12%",
  ],
  [
    "--emph-subtle",
    "32%",
  ],
  [
    "--emph-soft",
    "45%",
  ],
  [
    "--emph-medium",
    "60%",
  ],
  [
    "--emph-strong",
    "100%",
  ],
  [
    "--emph-bold",
    "100%",
  ],
]
`;
